[bulkitv2.cssninja.io/landing-kits/kit-6/landing-v5-home.html]
[backblue.gif]
[fade.gif]
[index.html]
[bulkitv2.cssninja.io/landing-kits/kit-6/assets/images/favicon.png]
[bulkitv2.cssninja.io/landing-kits/kit-6/assets/css/app.css]
[bulkitv2.cssninja.io/landing-kits/kit-6/assets/css/bulma.css]
[bulkitv2.cssninja.io/landing-kits/kit-6/assets/css/icons.min.css]
[bulkitv2.cssninja.io/landing-kits/kit-6/landing-v5-login.html]
[bulkitv2.cssninja.io/landing-kits/kit-6/assets/css/core_blue.css]
[bulkitv2.cssninja.io/landing-kits/kit-6/landing-v5-signup.html]
[bulkitv2.cssninja.io/landing-kits/kit-6/assets/images/illustrations/drawings/phone-list.png]
[bulkitv2.cssninja.io/landing-kits/kit-6/assets/images/illustrations/drawings/gauge.png]
[bulkitv2.cssninja.io/landing-kits/kit-6/assets/images/photos/greg-cover.png]
[bulkitv2.cssninja.io/landing-kits/kit-6/assets/images/photos/jane-cover.png]
[bulkitv2.cssninja.io/landing-kits/kit-6/assets/images/photos/andres-cover.png]
[bulkitv2.cssninja.io/landing-kits/kit-6/assets/images/photos/yuko-cover.png]
[bulkitv2.cssninja.io/landing-kits/kit-6/assets/images/photos/greg.png]
[bulkitv2.cssninja.io/landing-kits/kit-6/assets/images/photos/jane.png]
[bulkitv2.cssninja.io/landing-kits/kit-6/assets/images/photos/andres.png]
[bulkitv2.cssninja.io/landing-kits/kit-6/assets/images/photos/yuko.png]
[bulkitv2.cssninja.io/landing-kits/kit-6/index.html]
[bulkitv2.cssninja.io/landing-kits/kit-6/assets/js/main.js]
[bulkitv2.cssninja.io/landing-kits/kit-6/assets/js/app.js]
[bulkitv2.cssninja.io/landing-kits/kit-6/assets/js/landingv5.js]
[bulkitv2.cssninja.io/landing-kits/kit-6/assets/js/auth.js]
[bulkitv2.cssninja.io/landing-kits/kit-6/landing-v5-home.html]
[bulkitv2.cssninja.io/landing-kits/kit-6/assets/css/bulma.css]
[bulkitv2.cssninja.io/landing-kits/kit-6/assets/css/ajax-loader.gif]
[bulkitv2.cssninja.io/landing-kits/kit-6/assets/css/fonts/slick.eot]
[bulkitv2.cssninja.io/landing-kits/kit-6/assets/css/fonts/slickd41d.eot]
[bulkitv2.cssninja.io/landing-kits/kit-6/assets/css/fonts/slick.woff]
[bulkitv2.cssninja.io/landing-kits/kit-6/assets/css/fonts/slick.ttf]
[bulkitv2.cssninja.io/landing-kits/kit-6/assets/css/app.css]
[bulkitv2.cssninja.io/landing-kits/kit-6/assets/fonts/text/nexa/NexaLight.woff]
[bulkitv2.cssninja.io/landing-kits/kit-6/assets/fonts/text/nexa/NexaLight.ttf]
[bulkitv2.cssninja.io/landing-kits/kit-6/assets/fonts/text/nexa/NexaBold.woff]
[bulkitv2.cssninja.io/landing-kits/kit-6/assets/fonts/text/nexa/NexaBold.ttf]
[bulkitv2.cssninja.io/landing-kits/kit-6/assets/css/core_blue.css]
[bulkitv2.cssninja.io/landing-kits/kit-6/assets/fonts/fontawesome-webfont5b62.eot]
[bulkitv2.cssninja.io/landing-kits/kit-6/assets/fonts/fontawesome-webfontd41d.eot]
[bulkitv2.cssninja.io/landing-kits/kit-6/assets/fonts/fontawesome-webfont5b62.woff]
[bulkitv2.cssninja.io/landing-kits/kit-6/assets/fonts/fontawesome-webfont5b62.ttf]
[bulkitv2.cssninja.io/landing-kits/kit-6/assets/fonts/simple-line-iconsc05f.ttf]
[bulkitv2.cssninja.io/landing-kits/kit-6/assets/fonts/iconsmindca27.eot]
[bulkitv2.cssninja.io/landing-kits/kit-6/assets/fonts/iconsmindd41d.eot]
[bulkitv2.cssninja.io/landing-kits/kit-6/assets/fonts/iconsmindca27.woff]
[bulkitv2.cssninja.io/landing-kits/kit-6/assets/fonts/iconsmindca27.ttf]
[bulkitv2.cssninja.io/landing-kits/kit-6/assets/fonts/material-icons/MaterialIcons-Regular.eot]
[bulkitv2.cssninja.io/landing-kits/kit-6/assets/fonts/material-icons/MaterialIcons-Regular.woff]
[bulkitv2.cssninja.io/landing-kits/kit-6/assets/fonts/material-icons/MaterialIcons-Regular.ttf]
[bulkitv2.cssninja.io/landing-kits/kit-6/assets/css/icons.min.css]
[bulkitv2.cssninja.io/landing-kits/kit-6/assets/images/logos/bulkit-blue-flash.svg]
[bulkitv2.cssninja.io/landing-kits/kit-6/landing-v5-login.html]
[bulkitv2.cssninja.io/landing-kits/kit-6/landing-v5-signup.html]
[bulkitv2.cssninja.io/landing-kits/kit-6/assets/images/logos/bulkit-white.svg]
[bulkitv2.cssninja.io/landing-kits/kit-6/assets/images/illustrations/ui/app.html]
[bulkitv2.cssninja.io/landing-kits/kit-6/assets/images/bg/shapes/square-left.svg]
[bulkitv2.cssninja.io/landing-kits/kit-6/assets/images/bg/shapes/square-right.svg]
[bulkitv2.cssninja.io/landing-kits/kit-6/assets/images/icons/divider.svg]
[bulkitv2.cssninja.io/landing-kits/kit-6/assets/images/icons/mentoring.svg]
[bulkitv2.cssninja.io/landing-kits/kit-6/assets/images/icons/content.svg]
[bulkitv2.cssninja.io/landing-kits/kit-6/assets/images/icons/puzzle.svg]
[bulkitv2.cssninja.io/landing-kits/kit-6/assets/images/icons/certification.svg]
[bulkitv2.cssninja.io/landing-kits/kit-6/assets/images/icons/community.svg]
[bulkitv2.cssninja.io/landing-kits/kit-6/assets/images/icons/schedule.svg]
[bulkitv2.cssninja.io/landing-kits/kit-6/assets/images/illustrations/drawings/process-woman.svg]
[bulkitv2.cssninja.io/landing-kits/kit-6/assets/images/icons/time.svg]
[bulkitv2.cssninja.io/landing-kits/kit-6/assets/images/icons/diamond.svg]
[bulkitv2.cssninja.io/landing-kits/kit-6/assets/images/icons/rocket.svg]
[bulkitv2.cssninja.io/landing-kits/kit-6/assets/images/icons/send.svg]
[bulkitv2.cssninja.io/landing-kits/kit-6/assets/images/icons/rocket2.svg]
[bulkitv2.cssninja.io/landing-kits/kit-6/assets/images/logos/square-white.svg]
[bulkitv2.cssninja.io/landing-kits/kit-6/assets/images/logos/cssninja.svg]
[bulkitv2.cssninja.io/landing-kits/kit-6/assets/images/illustrations/mockups/landing6/phones.png]
[bulkitv2.cssninja.io/landing-kits/kit-6/assets/images/illustrations/UI/design-calendar.png]
[bulkitv2.cssninja.io/landing-kits/kit-6/assets/images/illustrations/UI/code-tasks.png]
[bulkitv2.cssninja.io/landing-kits/kit-6/index.html]
[bulkitv2.cssninja.io/landing-kits/kit-6/assets/css/fonts/slick.svg]
[bulkitv2.cssninja.io/landing-kits/kit-6/assets/images/illustrations/icons/landing-v1/chrono.html]
[bulkitv2.cssninja.io/landing-kits/kit-6/assets/images/illustrations/icons/landing-v1/tablet-dots.html]
[bulkitv2.cssninja.io/landing-kits/kit-6/assets/images/illustrations/icons/landing-v1/cog.html]
[bulkitv2.cssninja.io/landing-kits/kit-6/assets/images/illustrations/icons/landing-v1/plane.html]
[bulkitv2.cssninja.io/landing-kits/kit-6/assets/fonts/fontawesome-webfont5b62.html]
[bulkitv2.cssninja.io/landing-kits/kit-6/assets/fonts/fontawesome-webfont5b62.svg]
[bulkitv2.cssninja.io/landing-kits/kit-6/assets/fonts/simple-line-iconsc05f.html]
[bulkitv2.cssninja.io/landing-kits/kit-6/assets/fonts/simple-line-iconsc05f-2.html]
[bulkitv2.cssninja.io/landing-kits/kit-6/assets/fonts/simple-line-iconsc05f-3.html]
[bulkitv2.cssninja.io/landing-kits/kit-6/assets/fonts/iconsmindca27.svg]
[bulkitv2.cssninja.io/landing-kits/kit-6/assets/fonts/material-icons/MaterialIcons-Regular.html]
[bulkitv2.cssninja.io/landing-kits/kit-6/assets/images/logos/bulkit-blue.svg]
[bulkitv2.cssninja.io/landing-kits/kit-6/landing-v4-features.html]
[bulkitv2.cssninja.io/landing-kits/kit-6/assets/images/icons/study.svg]
[bulkitv2.cssninja.io/landing-kits/kit-6/assets/images/icons/learn.svg]
[bulkitv2.cssninja.io/landing-kits/kit-6/assets/images/icons/aquire.svg]
